<?xml version="1.0" encoding="UTF-8"?>
<testsuites name="jest tests" tests="6" failures="0" errors="0" time="2.989">
  <testsuite name="parser module" errors="0" failures="0" skipped="0" timestamp="2024-12-03T03:11:30" time="1.51" tests="3">
    <testcase classname="parser module should parse action as send ton" name="parser module should parse action as send ton" time="0.007">
    </testcase>
    <testcase classname="parser module should parse action as send ton (even if failed)" name="parser module should parse action as send ton (even if failed)" time="0.001">
    </testcase>
    <testcase classname="parser module should parse action as send jetton" name="parser module should parse action as send jetton" time="0.001">
    </testcase>
  </testsuite>
  <testsuite name="ton blockchain" errors="0" failures="0" skipped="0" timestamp="2024-12-03T03:11:30" time="2.656" tests="3">
    <testcase classname="ton blockchain deploy multisig should be successfully deployed" name="ton blockchain deploy multisig should be successfully deployed" time="0.054">
    </testcase>
    <testcase classname="ton blockchain deploy order should be successfully deployed" name="ton blockchain deploy order should be successfully deployed" time="0.057">
    </testcase>
    <testcase classname="ton blockchain approve order should be successfully approved" name="ton blockchain approve order should be successfully approved" time="0.064">
    </testcase>
  </testsuite>
</testsuites>